data:text/calendar;charset=utf8;base64,QkVHSU46VkNBTEVOREFSDQpWRVJTSU9OOjIuMA0KUFJPRElEOlNwYXRpZSBjYWxlbmRhci1saW5rcw0KQkVHSU46VkVWRU5UDQpVSUQ6OTRhYjc1YWRkODRhNjdjMDE5ZWFlNTc1Mzk2NTgwMzYNClNVTU1BUlk6QmlydGhkYXkNCkRUU1RBTVA6MjAxODAyMDFUMDkwMDAwWg0KRFRTVEFSVDoyMDE4MDIwMVQwOTAwMDBaDQpEVEVORDoyMDE4MDIwMVQxODAwMDBaDQpERVNDUklQVElPTjpXaXRoIGJhbGxvb25zXCwgY2xvd25zIGFuZCBzdHVmZlxuQnJpbmcgYSBkb2dcLCBicmluZyBhIGZyb2cNCkxPQ0FUSU9OOlBhcnR5IExhbmUgMUFcLCAxMzM3IEZ1bnRvd24NCkVORDpWRVZFTlQNCkVORDpWQ0FMRU5EQVI=