BEGIN:VCALENDAR
VERSION:2.0
PRODID:Spatie calendar-links
BEGIN:VEVENT
UID:b4be522f87b9894dadd2b9cd5479136b
SUMMARY:All day bugs
DTSTAMP:20240125
DTSTART:20240125
DURATION:P5D
DESCRIPTION:Testing all day
END:VEVENT
END:VCALENDAR