BEGIN:VCALENDAR
VERSION:2.0
PRODID:Spatie calendar-links
BEGIN:VEVENT
UID:cb8469bae9cf10a9ee8f1179c6a932f5
SUMMARY:All day bugs
DTSTAMP:20240125
DTSTART:20240125
DURATION:P6D
DESCRIPTION:Testing all day
END:VEVENT
END:VCALENDAR