https://calendar.yahoo.com/?v=60&view=d&type=20&ST=20240125&DUR=allday&ET=20240131&TITLE=All%20day%20bugs&DESC=Testing%20all%20day